Last login: Sun Oct 15 14:56:08 on ttys000
smraddhi@smraddhis-MacBook-Air ~ % cd Documents/Blockchain/truffle-project
smraddhi@smraddhis-MacBook-Air truffle-project % truffle init

Starting init...
================

> Copying project files to /Users/smraddhi/Documents/Blockchain/truffle-project

Init successful, sweet!

Try our scaffold commands to get started:
  $ truffle create contract YourContractName # scaffold a contract
  $ truffle create test YourTestName         # scaffold a test

http://trufflesuite.com/docs

smraddhi@smraddhis-MacBook-Air truffle-project % npm -i
npm <command>

Usage:

npm install        install all the dependencies in your project
npm install <foo>  add the <foo> dependency to your project
npm test           run this project's tests
npm run <foo>      run the script named <foo>
npm <command> -h   quick help on <command>
npm -l             display usage info for all commands
npm help <term>    search for help on <term>
npm help npm       more involved overview

All commands:

    access, adduser, audit, bugs, cache, ci, completion,
    config, dedupe, deprecate, diff, dist-tag, docs, doctor,
    edit, exec, explain, explore, find-dupes, fund, get, help,
    help-search, hook, init, install, install-ci-test,
    install-test, link, ll, login, logout, ls, org, outdated,
    owner, pack, ping, pkg, prefix, profile, prune, publish,
    query, rebuild, repo, restart, root, run-script, search,
    set, shrinkwrap, star, stars, start, stop, team, test,
    token, uninstall, unpublish, unstar, update, version, view,
    whoami

Specify configs in the ini-formatted file:
    /Users/smraddhi/.npmrc
or on the command line via: npm <command> --key=value

More configuration info: npm help config
Configuration fields: npm help 7 config

npm@9.8.0 /opt/homebrew/lib/node_modules/npm
smraddhi@smraddhis-MacBook-Air truffle-project % npm i

up to date, audited 424 packages in 1s

73 packages are looking for funding
  run `npm fund` for details

found 0 vulnerabilities
smraddhi@smraddhis-MacBook-Air truffle-project % ls
contracts		test
migrations		truffle-config.js
smraddhi@smraddhis-MacBook-Air truffle-project % npm i

up to date, audited 424 packages in 1s

73 packages are looking for funding
  run `npm fund` for details

found 0 vulnerabilities
smraddhi@smraddhis-MacBook-Air truffle-project % truffle --version
zsh: command not found: truffle
smraddhi@smraddhis-MacBook-Air truffle-project % 
